[demo.cmssuperheroes.com/themeforest/raworganic/home/index.html]
[backblue.gif]
[fade.gif]
[index.html]
[demo.cmssuperheroes.com/themeforest/raworganic/wp-content/themes/raworganic/assets/images/logo-dark.png]
[demo.cmssuperheroes.com/themeforest/raworganic/wp-content/uploads/revslider/home-1/bg-slider-new.jpg]
[demo.cmssuperheroes.com/themeforest/raworganic/wp-content/uploads/2018/09/organic-link1.jpg]
[demo.cmssuperheroes.com/themeforest/raworganic/wp-content/uploads/2018/09/organic-link2.jpg]
[demo.cmssuperheroes.com/themeforest/raworganic/wp-content/uploads/2018/09/organic-link3.jpg]
[demo.cmssuperheroes.com/themeforest/raworganic/wp-content/uploads/2018/09/organic-link4.jpg]
[demo.cmssuperheroes.com/themeforest/raworganic/wp-content/uploads/2018/07/about-food.png]
[demo.cmssuperheroes.com/themeforest/raworganic/wp-content/uploads/2018/08/So-Free-Alternative-To-Milk-Chocolate-Spread-Organic-113x143.png]
[demo.cmssuperheroes.com/themeforest/raworganic/wp-content/uploads/2018/08/Whole-Earth-Peanut-Butter-Smooth-Organic-113x143.png]
[demo.cmssuperheroes.com/themeforest/raworganic/home/indexa796.html]
[demo.cmssuperheroes.com/themeforest/raworganic/wp-content/uploads/2018/08/Geo-Organics-Choco-Peanut-Butter-Organic-113x143.png]
[demo.cmssuperheroes.com/themeforest/raworganic/home/index422e.html]
[demo.cmssuperheroes.com/themeforest/raworganic/wp-content/uploads/2018/08/Meridian-Cocoa-Peanut-Butter-113x143.png]
[demo.cmssuperheroes.com/themeforest/raworganic/home/index271d.html]
[demo.cmssuperheroes.com/themeforest/raworganic/wp-content/uploads/2018/08/Whole-Earth-Hi-Oleic-Smooth-Peanut-Butter-113x143.png]
[demo.cmssuperheroes.com/themeforest/raworganic/home/indexdf28.html]
[demo.cmssuperheroes.com/themeforest/raworganic/wp-content/uploads/2018/08/The-Cherry-Tree-Rhubarb-Ginger-Jam-113x143.png]
[demo.cmssuperheroes.com/themeforest/raworganic/home/indexa097.html]
[demo.cmssuperheroes.com/themeforest/raworganic/wp-content/uploads/2018/08/The-Cherry-Tree-Gooseberry-Elderflower-Extra-Jam-113x143.png]
[demo.cmssuperheroes.com/themeforest/raworganic/home/index7e8a.html]
[demo.cmssuperheroes.com/themeforest/raworganic/wp-content/uploads/2018/08/Kitchen-Garden-Chilli-Jam-113x143.png]
[demo.cmssuperheroes.com/themeforest/raworganic/wp-content/uploads/2018/08/Tracklements-Hot-Habanero-Chilli-Jam-113x143.png]
[demo.cmssuperheroes.com/themeforest/raworganic/home/index09a0.html]
[demo.cmssuperheroes.com/themeforest/raworganic/wp-content/uploads/2018/08/The-Cherry-Tree-Strawberry-Rhubard-Vanilla-Jam-113x143.png]
[demo.cmssuperheroes.com/themeforest/raworganic/home/index1851.html]
[demo.cmssuperheroes.com/themeforest/raworganic/home/indexc44a.html]
[demo.cmssuperheroes.com/themeforest/raworganic/wp-content/uploads/2018/08/Kitchen-Garden-English-Plum-Jam-Organic-113x143.png]
[demo.cmssuperheroes.com/themeforest/raworganic/wp-content/uploads/2018/08/biona-salsa-hot-113x96.png]
[demo.cmssuperheroes.com/themeforest/raworganic/home/index4f50.html]
[demo.cmssuperheroes.com/themeforest/raworganic/wp-content/uploads/2018/08/biona-salsa-mild-113x96.png]
[demo.cmssuperheroes.com/themeforest/raworganic/wp-content/uploads/2018/07/product1-113x163.png]
[demo.cmssuperheroes.com/themeforest/raworganic/home/indexcfa5.html]
[demo.cmssuperheroes.com/themeforest/raworganic/home/index7c30.html]
[demo.cmssuperheroes.com/themeforest/raworganic/wp-content/uploads/2018/08/Organic-Apricot-Fruit-Spread-113x146.png]
[demo.cmssuperheroes.com/themeforest/raworganic/home/indexba26.html]
[demo.cmssuperheroes.com/themeforest/raworganic/wp-content/uploads/2018/08/Gourmet-Chestnut-Spread-113x153.png]
[demo.cmssuperheroes.com/themeforest/raworganic/home/index700f.html]
[demo.cmssuperheroes.com/themeforest/raworganic/wp-content/uploads/2018/08/Chocolate-Hazelnut-Spread.png]
[demo.cmssuperheroes.com/themeforest/raworganic/home/indexa948.html]
[demo.cmssuperheroes.com/themeforest/raworganic/wp-content/uploads/2018/08/recipe12-680x380.jpg]
[demo.cmssuperheroes.com/themeforest/raworganic/home/indexd6b6.html]
[demo.cmssuperheroes.com/themeforest/raworganic/wp-content/uploads/2018/08/recipe11-680x380.jpg]
[demo.cmssuperheroes.com/themeforest/raworganic/wp-content/uploads/2018/08/recipe10-680x380.jpg]
[demo.cmssuperheroes.com/themeforest/raworganic/wp-content/uploads/2018/08/recipe9-680x380.jpg]
[demo.cmssuperheroes.com/themeforest/raworganic/wp-content/uploads/2018/08/recipe7-680x380.jpg]
[demo.cmssuperheroes.com/themeforest/raworganic/wp-content/uploads/2018/09/testimonial1.jpg]
[demo.cmssuperheroes.com/themeforest/raworganic/wp-content/uploads/2018/09/testimonial2.jpg]
[demo.cmssuperheroes.com/themeforest/raworganic/wp-content/uploads/2018/07/vegan-680x459.jpg]
[demo.cmssuperheroes.com/themeforest/raworganic/home/index4ba6.html]
[demo.cmssuperheroes.com/themeforest/raworganic/wp-content/uploads/2018/07/smoothie-680x459.jpg]
[demo.cmssuperheroes.com/themeforest/raworganic/wp-content/uploads/2018/07/home-680x459.jpg]
[demo.cmssuperheroes.com/themeforest/raworganic/wp-content/uploads/2018/07/family-680x459.jpg]
[demo.cmssuperheroes.com/themeforest/raworganic/wp-content/uploads/2018/07/group-680x459.jpg]
[demo.cmssuperheroes.com/themeforest/raworganic/wp-content/uploads/2018/07/or-image1-680x459.jpg]
[demo.cmssuperheroes.com/themeforest/raworganic/wp-content/uploads/2018/10/footer-logo.png]
[demo.cmssuperheroes.com/themeforest/raworganic/wp-content/uploads/2018/10/Visa.png]
[demo.cmssuperheroes.com/themeforest/raworganic/wp-content/uploads/2018/10/Mastercard.png]
[demo.cmssuperheroes.com/themeforest/raworganic/wp-content/uploads/2018/10/Maestro.png]
[demo.cmssuperheroes.com/themeforest/raworganic/wp-content/uploads/2018/10/American-Express.png]
[demo.cmssuperheroes.com/themeforest/raworganic/home/index.html]
[demo.cmssuperheroes.com/themeforest/raworganic/home/indexa796.html]
[demo.cmssuperheroes.com/themeforest/raworganic/home/index422e.html]
[demo.cmssuperheroes.com/themeforest/raworganic/home/index271d.html]
[demo.cmssuperheroes.com/themeforest/raworganic/home/indexdf28.html]
[demo.cmssuperheroes.com/themeforest/raworganic/home/indexa097.html]
[demo.cmssuperheroes.com/themeforest/raworganic/wp-content/uploads/2018/08/The-Cherry-Tree-Morello-Cherry-Extra-Jam-113x143.png]
[demo.cmssuperheroes.com/themeforest/raworganic/home/index7e8a.html]
[demo.cmssuperheroes.com/themeforest/raworganic/home/index09a0.html]
[demo.cmssuperheroes.com/themeforest/raworganic/home/index58a4.html]
[demo.cmssuperheroes.com/themeforest/raworganic/home/index1851.html]
[demo.cmssuperheroes.com/themeforest/raworganic/home/indexc44a.html]
[demo.cmssuperheroes.com/themeforest/raworganic/home/index4f50.html]
[demo.cmssuperheroes.com/themeforest/raworganic/home/indexcfa5.html]
[demo.cmssuperheroes.com/themeforest/raworganic/home/index7c30.html]
[demo.cmssuperheroes.com/themeforest/raworganic/home/indexba26.html]
[demo.cmssuperheroes.com/themeforest/raworganic/home/index700f.html]
[demo.cmssuperheroes.com/themeforest/raworganic/home/indexa948.html]
[demo.cmssuperheroes.com/themeforest/raworganic/home/indexd6b6.html]
[demo.cmssuperheroes.com/themeforest/raworganic/wp-content/uploads/2018/08/recipe8-680x380.jpg]
[demo.cmssuperheroes.com/themeforest/raworganic/wp-content/uploads/2018/07/Organic-Raw-Almond-Nut-Butter.png]
[demo.cmssuperheroes.com/themeforest/raworganic/home/index4ba6.html]
[demo.cmssuperheroes.com/themeforest/raworganic/wp-content/uploads/2018/09/testimonial3.jpg]
[demo.cmssuperheroes.com/themeforest/raworganic/home/index9c52.html]
[demo.cmssuperheroes.com/themeforest/raworganic/home/index58a4.html]
[demo.cmssuperheroes.com/themeforest/raworganic/home/index9c52.html]
